
> my-project@0.1.0 build
> next build

Ôû▓ Next.js 16.1.6 (Turbopack)
- Environments: .env.local, .env

  Creating an optimized production build ...
Ô£ô Compiled successfully in 14.5s
  Skipping validation of types
  Collecting page data using 15 workers ...
  Generating static pages using 15 workers (0/13) ...
  Generating static pages using 15 workers (3/13) 
  Generating static pages using 15 workers (6/13) 
  Generating static pages using 15 workers (9/13) 
Ô£ô Generating static pages using 15 workers (13/13) in 412.1ms
  Finalizing page optimization ...

Route (app)
Ôöî Ôùï /
Ôö£ Ôùï /_not-found
Ôö£ ãÆ /api/auth/[...nextauth]
Ôö£ ãÆ /api/auth/refresh
Ôö£ ãÆ /api/auth/signout
Ôö£ ãÆ /api/dashboard/stats
Ôö£ ãÆ /api/dashboard/trends
Ôö£ ãÆ /api/polygon-areas
Ôö£ ãÆ /api/polygon-areas/[id]
Ôö£ ãÆ /api/prizes
Ôö£ ãÆ /api/prizes/[id]
Ôö£ ãÆ /api/session
Ôö£ ãÆ /api/students/me
Ôö£ ãÆ /api/trash-points
Ôö£ ãÆ /api/trash-points/[id]
Ôö£ ãÆ /dashboard
Ôö£ ãÆ /login
Ôöö ãÆ /register


ãÆ Proxy (Middleware)

Ôùï  (Static)   prerendered as static content
ãÆ  (Dynamic)  server-rendered on demand

